C51 COMPILER V9.60.0.0   MAIN                                                              04/26/2023 22:34:25 PAGE 1   


C51 COMPILER V9.60.0.0, COMPILATION OF MODULE MAIN
OBJECT MODULE PLACED IN .\Objects\main.obj
COMPILER INVOKED BY: C:\Keil_v5\C51\BIN\C51.EXE main.c OPTIMIZE(8,SPEED) BROWSE DEBUG OBJECTEXTEND PRINT(.\Listings\main
                    -.lst) TABS(2) OBJECT(.\Objects\main.obj)

line level    source

   1          #include "main.h"
   2          #include "..\library\delay.h"
   3          void main()
   4          {
   5   1        while(1)
   6   1        {   unsigned char i,b;
   7   2            while (P3_2);
   8   2            b=0;
   9   2            for(i=0;i<8;i++)
  10   2          {
  11   3            b<<=1;
  12   3            delay_ms(2);
  13   3            if(P3_2)
  14   3            {
  15   4              b|=0x01;
  16   4            }
  17   3            else 
  18   3            {
  19   4              while(P3_2==0);
  20   4            }
  21   3            if(i!=7) while(P3_2);
  22   3          }
  23   2          P2=b;
  24   2        }
  25   1      }


MODULE INFORMATION:   STATIC OVERLAYABLE
   CODE SIZE        =     61    ----
   CONSTANT SIZE    =   ----    ----
   XDATA SIZE       =   ----    ----
   PDATA SIZE       =   ----    ----
   DATA SIZE        =   ----       2
   IDATA SIZE       =   ----    ----
   BIT SIZE         =   ----    ----
END OF MODULE INFORMATION.


C51 COMPILATION COMPLETE.  0 WARNING(S),  0 ERROR(S)
