C51 COMPILER V9.60.0.0   MAIN                                                              04/28/2023 20:03:55 PAGE 1   


C51 COMPILER V9.60.0.0, COMPILATION OF MODULE MAIN
OBJECT MODULE PLACED IN .\Objects\main.obj
COMPILER INVOKED BY: C:\Keil_v5\C51\BIN\C51.EXE main.c OPTIMIZE(8,SPEED) BROWSE DEBUG OBJECTEXTEND PRINT(.\Listings\main
                    -.lst) TABS(2) OBJECT(.\Objects\main.obj)

line level    source

   1          #include "main.h"
   2          #include "..\library\delay.h"
   3          void main()
   4          { 
   5   1        P2=0;
   6   1        while(1)
   7   1        {
   8   2          do{
   9   3            P2++;
  10   3            delay_ms(8);
  11   3          }
  12   2          while
  13   2        (P2!=255);
  14   2          
  15   2          do{
  16   3            P2--;
  17   3            delay_ms(8);
  18   3          }while (P2!=0);
  19   2          
  20   2          
  21   2        }
  22   1      }


MODULE INFORMATION:   STATIC OVERLAYABLE
   CODE SIZE        =     34    ----
   CONSTANT SIZE    =   ----    ----
   XDATA SIZE       =   ----    ----
   PDATA SIZE       =   ----    ----
   DATA SIZE        =   ----    ----
   IDATA SIZE       =   ----    ----
   BIT SIZE         =   ----    ----
END OF MODULE INFORMATION.


C51 COMPILATION COMPLETE.  0 WARNING(S),  0 ERROR(S)
