C51 COMPILER V9.60.0.0   MAIN                                                              04/25/2023 23:00:08 PAGE 1   


C51 COMPILER V9.60.0.0, COMPILATION OF MODULE MAIN
OBJECT MODULE PLACED IN .\Objects\main.obj
COMPILER INVOKED BY: C:\Keil_v5\C51\BIN\C51.EXE main.c OPTIMIZE(8,SPEED) BROWSE DEBUG OBJECTEXTEND PRINT(.\Listings\main
                    -.lst) TABS(2) OBJECT(.\Objects\main.obj)

line level    source

   1          #include "main.h"
   2          #include "..\library\delay.h"
   3          unsigned char cnt=10,i;
   4          void main()
   5          { // cau hinh timer 0 hoat dong muc 1
   6   1        TMOD&=0xF0;
   7   1        TMOD|=0x01;
   8   1        
   9   1        TH0=0x3C;
  10   1        TL0=0xB0;
  11   1        
  12   1        ET0=1; // cho phep ngat timer0
  13   1        EA=1; // cho phep ngat toan cuc
  14   1        TR0=1; // chp phep timer 0 chay
  15   1        
  16   1        while(1)
  17   1        {
  18   2            P1=0x00;
  19   2          delay_ms(100);
  20   2          for(i=0;i<8;i++)
  21   2          {
  22   3            P1<<=1;
  23   3            P1|=0x01;
  24   3            delay_ms(100);
  25   3          }
  26   2        }
  27   1      }
  28          
  29          void timeroverflow(void) interrupt 1
  30          { 
  31   1        // nap lai gia tri cho 2 thanh ghi TH0 va TL0
  32   1        TH0=0x3C;
  33   1        TL0=0xB0;
  34   1        cnt--;
  35   1        if(cnt==0)
  36   1        {
  37   2          cnt=10;
  38   2          P2=~P2;
  39   2        }
  40   1      }


MODULE INFORMATION:   STATIC OVERLAYABLE
   CODE SIZE        =     84    ----
   CONSTANT SIZE    =   ----    ----
   XDATA SIZE       =   ----    ----
   PDATA SIZE       =   ----    ----
   DATA SIZE        =      2    ----
   IDATA SIZE       =   ----    ----
   BIT SIZE         =   ----    ----
END OF MODULE INFORMATION.


C51 COMPILATION COMPLETE.  0 WARNING(S),  0 ERROR(S)
