C51 COMPILER V9.60.0.0   MAIN                                                              04/16/2023 22:51:15 PAGE 1   


C51 COMPILER V9.60.0.0, COMPILATION OF MODULE MAIN
OBJECT MODULE PLACED IN .\Objects\main.obj
COMPILER INVOKED BY: C:\Keil_v5\C51\BIN\C51.EXE main.c OPTIMIZE(8,SPEED) BROWSE DEBUG OBJECTEXTEND PRINT(.\Listings\main
                    -.lst) TABS(2) OBJECT(.\Objects\main.obj)

line level    source

   1          #include "main.h"
   2          #include "..\library\delay.h"
   3          unsigned char code code7seg[]={0xC0,0xF9,0xA4,0xB0,0x99,0x92,0x82,0xF8,0x80,0x90};
   4          #define led P2
   5          sbit led1=P3^0;
   6          sbit led2=P3^1; 
   7          
   8          void main(){
   9   1        unsigned char dem;
  10   1        unsigned char chuc,dvi;
  11   1        unsigned int i;
  12   1      while(1){
  13   2          for (dem=0;dem<100;dem++)
  14   2        {
  15   3            chuc=dem/10;
  16   3            dvi=dem%10;
  17   3          
  18   3          for (i=0;i<500;i++){
  19   4          led=code7seg[chuc];
  20   4          led1=0;
  21   4          delay_ms(1);
  22   4          led1=1;
  23   4          
  24   4          led=code7seg[dvi];
  25   4          led2=0;
  26   4          delay_ms(1);
  27   4          led2=1;}
  28   3        }
  29   2      }
  30   1      }


MODULE INFORMATION:   STATIC OVERLAYABLE
   CODE SIZE        =     95    ----
   CONSTANT SIZE    =     10    ----
   XDATA SIZE       =   ----    ----
   PDATA SIZE       =   ----    ----
   DATA SIZE        =   ----       5
   IDATA SIZE       =   ----    ----
   BIT SIZE         =   ----    ----
END OF MODULE INFORMATION.


C51 COMPILATION COMPLETE.  0 WARNING(S),  0 ERROR(S)
