C51 COMPILER V9.60.0.0   KEYPAD4X4                                                         04/17/2023 20:51:08 PAGE 1   


C51 COMPILER V9.60.0.0, COMPILATION OF MODULE KEYPAD4X4
OBJECT MODULE PLACED IN .\Objects\keypad4x4.obj
COMPILER INVOKED BY: C:\Keil_v5\C51\BIN\C51.EXE ..\Library\keypad4x4.c OPTIMIZE(8,SPEED) BROWSE DEBUG OBJECTEXTEND PRINT
                    -(.\Listings\keypad4x4.lst) TABS(2) OBJECT(.\Objects\keypad4x4.obj)

line level    source

   1          #include "keypad4x4.h"
   2          #include "main.h"
   3          #include "port.h"
   4          unsigned char keypress()
   5          { 
   6   1        unsigned char key=0;
   7   1        COL1=0;
   8   1        if(ROW1==0)key=1;
   9   1        if(ROW2==0)key=2;
  10   1        if(ROW3==0)key=3;
  11   1        if(ROW4==0)key=4;
  12   1        COL1=1;
  13   1        
  14   1        COL2=0;
  15   1        if(ROW1==0)key=5;
  16   1        if(ROW2==0)key=6;
  17   1        if(ROW3==0)key=7;
  18   1        if(ROW4==0)key=8;
  19   1        COL2=1;
  20   1        
  21   1        
  22   1        COL3=0;
  23   1        if(ROW1==0)key=9;
  24   1        if(ROW2==0)key=10;
  25   1        if(ROW3==0)key=11;
  26   1        if(ROW4==0)key=12;
  27   1        COL3=1;
  28   1        
  29   1        COL4=0;
  30   1        if(ROW1==0)key=13;
  31   1        if(ROW2==0)key=14;
  32   1        if(ROW3==0)key=15;
  33   1        if(ROW4==0)key=16;
  34   1        COL4=1;
  35   1        
  36   1        return key;
  37   1        
  38   1        
  39   1      }


MODULE INFORMATION:   STATIC OVERLAYABLE
   CODE SIZE        =     98    ----
   CONSTANT SIZE    =   ----    ----
   XDATA SIZE       =   ----    ----
   PDATA SIZE       =   ----    ----
   DATA SIZE        =   ----    ----
   IDATA SIZE       =   ----    ----
   BIT SIZE         =   ----    ----
END OF MODULE INFORMATION.


C51 COMPILATION COMPLETE.  0 WARNING(S),  0 ERROR(S)
